// Jest Snapshot v1, https://goo.gl/fbAQLP

exports[`<Alert /> should match snapshot 1`] = `
.c0 {
  color: white;
  background-color: #e43c3c;
  padding: 0.75rem 1.25rem;
  margin-bottom: 1rem;
  border-radius: 0.25rem;
  font-weight: bold;
  margin: 2rem 0;
}

<div
  class="c0"
  role="alert"
>
  hi
</div>
`;
