// Jest Snapshot v1, https://goo.gl/fbAQLP

exports[`<Selector /> should match snapshot 1`] = `
<label
  for="text"
>
  text
  :
</label>
`;
